// Vitest Snapshot v1

exports[`cacheContext server handler > Adds cache context to event 1`] = `
{
  "__MULTI_CACHE": {
    "component": {
      "clear": [Function],
      "dispose": [Function],
      "getItem": [Function],
      "getKeys": [Function],
      "getMeta": [Function],
      "hasItem": [Function],
      "mount": [Function],
      "removeItem": [Function],
      "removeMeta": [Function],
      "setItem": [Function],
      "setMeta": [Function],
      "unmount": [Function],
      "unwatch": [Function],
      "watch": [Function],
    },
  },
  "__MULTI_CACHE_ROUTE": {
    "cacheable": null,
    "control": CacheControl {
      "immutable": null,
      "maxAge": null,
      "maxStale": null,
      "maxStaleDuration": null,
      "minFresh": null,
      "mustRevalidate": null,
      "noCache": null,
      "noStore": null,
      "noTransform": null,
      "onlyIfCached": null,
      "private": null,
      "proxyRevalidate": null,
      "public": null,
      "sharedMaxAge": null,
      "staleIfError": null,
      "staleWhileRevalidate": null,
    },
    "tags": [],
  },
}
`;
